// Jest Snapshot v1, https://goo.gl/fbAQLP

exports[`Gear component it matches the snapshot 1`] = `
<div
  id="Gear"
  style={
    Object {
      "height": 20,
      "width": 20,
    }
  }
>
  <img
    alt="gear.svg"
    src="gear.svg"
  />
</div>
`;
